// Jest Snapshot v1, https://goo.gl/fbAQLP

exports[`About test should render correctly 1`] = `ShallowWrapper {}`;
