// Jest Snapshot v1, https://goo.gl/fbAQLP

exports[`Contact test should render correctly 1`] = `ShallowWrapper {}`;
