// Jest Snapshot v1, https://goo.gl/fbAQLP

exports[`Education should render correctly even with a prop 1`] = `ShallowWrapper {}`;

exports[`Education should render correctly with no props 1`] = `ShallowWrapper {}`;
