// Jest Snapshot v1, https://goo.gl/fbAQLP

exports[`Navigation bar tests should render correctly 1`] = `ShallowWrapper {}`;
