// Jest Snapshot v1, https://goo.gl/fbAQLP

exports[`Skill tests should render correctly with a skills prop 1`] = `ShallowWrapper {}`;

exports[`Skill tests should render correctly with no props 1`] = `ShallowWrapper {}`;
